// Jest Snapshot v1, https://goo.gl/fbAQLP

exports[`renders correctly 1`] = `
<div>
  <header
    className="MuiPaper-root MuiAppBar-root MuiAppBar-positionStatic MuiAppBar-colorPrimary MuiPaper-elevation4"
  >
    <div
      className="MuiToolbar-root MuiToolbar-regular MuiToolbar-gutters"
    >
      <div
        className="menu"
      >
        <button
          aria-label="menu"
          className="MuiButtonBase-root MuiIconButton-root MuiIconButton-colorInherit"
          disabled={false}
          ge="start"
          onBlur={[Function]}
          onClick={[Function]}
          onDragLeave={[Function]}
          onFocus={[Function]}
          onKeyDown={[Function]}
          onKeyUp={[Function]}
          onMouseDown={[Function]}
          onMouseLeave={[Function]}
          onMouseUp={[Function]}
          onTouchEnd={[Function]}
          onTouchMove={[Function]}
          onTouchStart={[Function]}
          style={
            Object {
              "padding": "0 10px 0 0",
            }
          }
          tabIndex={0}
          type="button"
        >
          <span
            className="MuiIconButton-label"
          >
            <svg
              aria-hidden="true"
              className="MuiSvgIcon-root"
              focusable="false"
              role="presentation"
              viewBox="0 0 24 24"
            >
              <path
                d="M3 18h18v-2H3v2zm0-5h18v-2H3v2zm0-7v2h18V6H3z"
              />
            </svg>
          </span>
        </button>
        <div
          className="spacerphone"
        />
        <div
          className="makeStyles-search-4"
        >
          <div
            className="makeStyles-searchIcon-5"
          >
            <svg
              aria-hidden="true"
              className="MuiSvgIcon-root"
              focusable="false"
              role="presentation"
              viewBox="0 0 24 24"
            >
              <path
                d="M15.5 14h-.79l-.28-.27C15.41 12.59 16 11.11 16 9.5 16 5.91 13.09 3 9.5 3S3 5.91 3 9.5 5.91 16 9.5 16c1.61 0 3.09-.59 4.23-1.57l.27.28v.79l5 4.99L20.49 19l-4.99-5zm-6 0C7.01 14 5 11.99 5 9.5S7.01 5 9.5 5 14 7.01 14 9.5 11.99 14 9.5 14z"
              />
            </svg>
          </div>
          <div
            className="MuiInputBase-root makeStyles-inputRoot-6"
            onClick={[Function]}
          >
            <input
              aria-label="search"
              className="MuiInputBase-input makeStyles-inputInput-7"
              onAnimationStart={[Function]}
              onBlur={[Function]}
              onChange={[Function]}
              onFocus={[Function]}
              placeholder="Search…"
              type="text"
            />
          </div>
        </div>
        <a
          href="/search/"
          onClick={[Function]}
          style={
            Object {
              "color": "white",
              "textDecoration": "none",
            }
          }
        >
              
          <button
            className="MuiButtonBase-root MuiButton-root MuiButton-text MuiButton-colorInherit"
            disabled={false}
            onBlur={[Function]}
            onDragLeave={[Function]}
            onFocus={[Function]}
            onKeyDown={[Function]}
            onKeyUp={[Function]}
            onMouseDown={[Function]}
            onMouseLeave={[Function]}
            onMouseUp={[Function]}
            onTouchEnd={[Function]}
            onTouchMove={[Function]}
            onTouchStart={[Function]}
            tabIndex={0}
            type="button"
          >
            <span
              className="MuiButton-label"
            >
              Search
            </span>
          </button>
           
        </a>
      </div>
      <div
        className="navbar-menu"
      >
        <a
          href="/"
          onClick={[Function]}
          style={
            Object {
              "color": "white",
              "textDecoration": "none",
            }
          }
        >
              
          <button
            className="MuiButtonBase-root MuiButton-root MuiButton-text MuiButton-colorInherit"
            disabled={false}
            onBlur={[Function]}
            onDragLeave={[Function]}
            onFocus={[Function]}
            onKeyDown={[Function]}
            onKeyUp={[Function]}
            onMouseDown={[Function]}
            onMouseLeave={[Function]}
            onMouseUp={[Function]}
            onTouchEnd={[Function]}
            onTouchMove={[Function]}
            onTouchStart={[Function]}
            tabIndex={0}
            type="button"
          >
            <span
              className="MuiButton-label"
            >
              User
            </span>
          </button>
           
        </a>
        <a
          href="/"
          onClick={[Function]}
          style={
            Object {
              "color": "white",
              "textDecoration": "none",
            }
          }
        >
              
          <button
            className="MuiButtonBase-root MuiButton-root MuiButton-text MuiButton-colorInherit"
            disabled={false}
            onBlur={[Function]}
            onClick={[Function]}
            onDragLeave={[Function]}
            onFocus={[Function]}
            onKeyDown={[Function]}
            onKeyUp={[Function]}
            onMouseDown={[Function]}
            onMouseLeave={[Function]}
            onMouseUp={[Function]}
            onTouchEnd={[Function]}
            onTouchMove={[Function]}
            onTouchStart={[Function]}
            tabIndex={0}
            type="button"
          >
            <span
              className="MuiButton-label"
            >
              Logout
            </span>
          </button>
           
        </a>
        <div
          className="spacer"
        />
        <div
          className="makeStyles-search-4"
        >
          <div
            className="makeStyles-searchIcon-5"
          >
            <svg
              aria-hidden="true"
              className="MuiSvgIcon-root"
              focusable="false"
              role="presentation"
              viewBox="0 0 24 24"
            >
              <path
                d="M15.5 14h-.79l-.28-.27C15.41 12.59 16 11.11 16 9.5 16 5.91 13.09 3 9.5 3S3 5.91 3 9.5 5.91 16 9.5 16c1.61 0 3.09-.59 4.23-1.57l.27.28v.79l5 4.99L20.49 19l-4.99-5zm-6 0C7.01 14 5 11.99 5 9.5S7.01 5 9.5 5 14 7.01 14 9.5 11.99 14 9.5 14z"
              />
            </svg>
          </div>
          <div
            className="MuiInputBase-root makeStyles-inputRoot-6"
            onClick={[Function]}
          >
            <input
              aria-label="search"
              className="MuiInputBase-input makeStyles-inputInput-7"
              onAnimationStart={[Function]}
              onBlur={[Function]}
              onChange={[Function]}
              onFocus={[Function]}
              onKeyDown={[Function]}
              placeholder="Search…"
              type="text"
            />
          </div>
        </div>
        <a
          href="/search/"
          onClick={[Function]}
          style={
            Object {
              "color": "white",
              "textDecoration": "none",
            }
          }
        >
              
          <button
            className="MuiButtonBase-root MuiButton-root MuiButton-text MuiButton-colorInherit"
            disabled={false}
            onBlur={[Function]}
            onDragLeave={[Function]}
            onFocus={[Function]}
            onKeyDown={[Function]}
            onKeyUp={[Function]}
            onMouseDown={[Function]}
            onMouseLeave={[Function]}
            onMouseUp={[Function]}
            onTouchEnd={[Function]}
            onTouchMove={[Function]}
            onTouchStart={[Function]}
            tabIndex={0}
            type="button"
          >
            <span
              className="MuiButton-label"
            >
              Search
            </span>
          </button>
           
        </a>
      </div>
    </div>
  </header>
  <div
    className="main-container"
  >
    <div
      className="general-row"
    >
      <div
        className="image-container-row"
      >
        <img
          alt="userImage"
          className="image"
          src={null}
        />
        <div
          style={
            Object {
              "height": 0,
              "overflow": "hidden",
            }
          }
        >
          <input
            id="fileInput"
            name="fileInput"
            onChange={[Function]}
            type="file"
          />
        </div>
        <div>
            
          <button
            className="MuiButtonBase-root MuiIconButton-root"
            disabled={false}
            onBlur={[Function]}
            onClick={[Function]}
            onDragLeave={[Function]}
            onFocus={[Function]}
            onKeyDown={[Function]}
            onKeyUp={[Function]}
            onMouseDown={[Function]}
            onMouseLeave={[Function]}
            onMouseUp={[Function]}
            onTouchEnd={[Function]}
            onTouchMove={[Function]}
            onTouchStart={[Function]}
            style={
              Object {
                "height": 50,
                "width": 50,
              }
            }
            tabIndex={0}
            type="button"
          >
            <span
              className="MuiIconButton-label"
            >
               
              <svg
                aria-hidden="true"
                className="MuiSvgIcon-root MuiSvgIcon-colorPrimary"
                focusable="false"
                role="presentation"
                style={
                  Object {
                    "height": 30,
                    "width": 30,
                  }
                }
                viewBox="0 0 24 24"
              >
                <path
                  d="M5 4v2h14V4H5zm0 10h4v6h6v-6h4l-7-7-7 7z"
                />
              </svg>
            </span>
          </button>
        </div>
      </div>
      <div
        className="about-container-row"
      >
        <button
          className="MuiButtonBase-root MuiIconButton-root MuiIconButton-colorPrimary"
          disabled={false}
          onBlur={[Function]}
          onClick={[Function]}
          onDragLeave={[Function]}
          onFocus={[Function]}
          onKeyDown={[Function]}
          onKeyUp={[Function]}
          onMouseDown={[Function]}
          onMouseLeave={[Function]}
          onMouseUp={[Function]}
          onTouchEnd={[Function]}
          onTouchMove={[Function]}
          onTouchStart={[Function]}
          tabIndex={0}
          type="button"
        >
          <span
            className="MuiIconButton-label"
          >
            <svg
              aria-hidden="true"
              className="MuiSvgIcon-root"
              focusable="false"
              role="presentation"
              viewBox="0 0 24 24"
            >
              <path
                d="M11.99 2C6.47 2 2 6.48 2 12s4.47 10 9.99 10C17.52 22 22 17.52 22 12S17.52 2 11.99 2zm6.93 6h-2.95c-.32-1.25-.78-2.45-1.38-3.56 1.84.63 3.37 1.91 4.33 3.56zM12 4.04c.83 1.2 1.48 2.53 1.91 3.96h-3.82c.43-1.43 1.08-2.76 1.91-3.96zM4.26 14C4.1 13.36 4 12.69 4 12s.1-1.36.26-2h3.38c-.08.66-.14 1.32-.14 2 0 .68.06 1.34.14 2H4.26zm.82 2h2.95c.32 1.25.78 2.45 1.38 3.56-1.84-.63-3.37-1.9-4.33-3.56zm2.95-8H5.08c.96-1.66 2.49-2.93 4.33-3.56C8.81 5.55 8.35 6.75 8.03 8zM12 19.96c-.83-1.2-1.48-2.53-1.91-3.96h3.82c-.43 1.43-1.08 2.76-1.91 3.96zM14.34 14H9.66c-.09-.66-.16-1.32-.16-2 0-.68.07-1.35.16-2h4.68c.09.65.16 1.32.16 2 0 .68-.07 1.34-.16 2zm.25 5.56c.6-1.11 1.06-2.31 1.38-3.56h2.95c-.96 1.65-2.49 2.93-4.33 3.56zM16.36 14c.08-.66.14-1.32.14-2 0-.68-.06-1.34-.14-2h3.38c.16.64.26 1.31.26 2s-.1 1.36-.26 2h-3.38z"
              />
            </svg>
          </span>
        </button>
        <button
          className="MuiButtonBase-root MuiIconButton-root MuiIconButton-colorPrimary"
          disabled={false}
          onBlur={[Function]}
          onClick={[Function]}
          onDragLeave={[Function]}
          onFocus={[Function]}
          onKeyDown={[Function]}
          onKeyUp={[Function]}
          onMouseDown={[Function]}
          onMouseLeave={[Function]}
          onMouseUp={[Function]}
          onTouchEnd={[Function]}
          onTouchMove={[Function]}
          onTouchStart={[Function]}
          tabIndex={0}
          type="button"
        >
          <span
            className="MuiIconButton-label"
          >
            <svg
              aria-hidden="true"
              className="MuiSvgIcon-root"
              focusable="false"
              role="presentation"
              viewBox="0 0 24 24"
            >
              <path
                d="M12 1L3 5v6c0 5.55 3.84 10.74 9 12 5.16-1.26 9-6.45 9-12V5l-9-4zm0 10.99h7c-.53 4.12-3.28 7.79-7 8.94V12H5V6.3l7-3.11v8.8z"
              />
            </svg>
          </span>
        </button>
        <div
          style={
            Object {
              "paddingRight": "20px",
            }
          }
        >
          <div
            className="about-container-list-item"
          >
            <div
              className="MuiFormControl-root MuiTextField-root MuiFormControl-fullWidth"
            >
              <div
                className="MuiInputBase-root MuiFilledInput-root MuiFilledInput-underline MuiInputBase-fullWidth MuiInputBase-formControl"
                onClick={[Function]}
              >
                <input
                  aria-describedby="Name-helper-text"
                  aria-invalid={false}
                  autoFocus={false}
                  className="MuiInputBase-input MuiFilledInput-input"
                  disabled={false}
                  id="Name"
                  onAnimationStart={[Function]}
                  onBlur={[Function]}
                  onChange={[Function]}
                  onFocus={[Function]}
                  required={false}
                  type="text"
                  value=""
                />
              </div>
              <p
                className="MuiFormHelperText-root MuiFormHelperText-contained"
                id="Name-helper-text"
              >
                Name
              </p>
            </div>
          </div>
          <div
            className="about-container-list-item"
          >
            <div
              className="MuiFormControl-root MuiTextField-root MuiFormControl-fullWidth"
            >
              <div
                className="MuiInputBase-root MuiFilledInput-root MuiFilledInput-underline MuiInputBase-fullWidth MuiInputBase-formControl"
                onClick={[Function]}
              >
                <input
                  aria-describedby="Surname-helper-text"
                  aria-invalid={false}
                  autoFocus={false}
                  className="MuiInputBase-input MuiFilledInput-input"
                  disabled={false}
                  id="Surname"
                  onAnimationStart={[Function]}
                  onBlur={[Function]}
                  onChange={[Function]}
                  onFocus={[Function]}
                  required={false}
                  type="text"
                  value=""
                />
              </div>
              <p
                className="MuiFormHelperText-root MuiFormHelperText-contained"
                id="Surname-helper-text"
              >
                Surname
              </p>
            </div>
          </div>
          <div
            className="about-container-list-item"
          >
            <div
              className="MuiFormControl-root MuiTextField-root MuiFormControl-fullWidth"
            >
              <div
                className="MuiInputBase-root MuiFilledInput-root MuiFilledInput-underline MuiInputBase-fullWidth MuiInputBase-formControl"
                onClick={[Function]}
              >
                <input
                  aria-describedby="Email-helper-text"
                  aria-invalid={false}
                  autoFocus={false}
                  className="MuiInputBase-input MuiFilledInput-input"
                  disabled={false}
                  id="Email"
                  onAnimationStart={[Function]}
                  onBlur={[Function]}
                  onChange={[Function]}
                  onFocus={[Function]}
                  required={false}
                  type="text"
                  value=""
                />
              </div>
              <p
                className="MuiFormHelperText-root MuiFormHelperText-contained"
                id="Email-helper-text"
              >
                Email
              </p>
            </div>
          </div>
          <div
            className="about-container-list-item"
          >
            <div
              className="MuiFormControl-root MuiTextField-root MuiFormControl-fullWidth"
            >
              <div
                className="MuiInputBase-root MuiFilledInput-root MuiFilledInput-underline MuiInputBase-fullWidth MuiInputBase-formControl"
                onClick={[Function]}
              >
                <input
                  aria-describedby="Phone-helper-text"
                  aria-invalid={false}
                  autoFocus={false}
                  className="MuiInputBase-input MuiFilledInput-input"
                  disabled={false}
                  id="Phone"
                  onAnimationStart={[Function]}
                  onBlur={[Function]}
                  onChange={[Function]}
                  onFocus={[Function]}
                  required={false}
                  type="text"
                  value=""
                />
              </div>
              <p
                className="MuiFormHelperText-root MuiFormHelperText-contained"
                id="Phone-helper-text"
              >
                Phone
              </p>
            </div>
          </div>
          <button
            className="MuiButtonBase-root MuiButton-root MuiButton-contained MuiButton-containedPrimary"
            disabled={false}
            onBlur={[Function]}
            onClick={[Function]}
            onDragLeave={[Function]}
            onFocus={[Function]}
            onKeyDown={[Function]}
            onKeyUp={[Function]}
            onMouseDown={[Function]}
            onMouseLeave={[Function]}
            onMouseUp={[Function]}
            onTouchEnd={[Function]}
            onTouchMove={[Function]}
            onTouchStart={[Function]}
            tabIndex={0}
            type="button"
          >
            <span
              className="MuiButton-label"
            >
              Change
            </span>
          </button>
        </div>
      </div>
    </div>
    <div
      className="activeExams-container"
    >
      <h1>
        Active Exams
      </h1>
      <div
        className="activeExamsList-container"
      />
      <h1>
        Passed Exams
      </h1>
      <div
        className="activeExamsList-container"
      />
    </div>
  </div>
</div>
`;
